192.168.50.36 - - [01/Nov/2020:16:44:26 +0000] "POST /admin/dashboard/photos/new HTTP/1.1" 201 40 "-" "python-requests/2.24.0"
192.168.50.36 - - [01/Nov/2020:16:44:26 +0000] "GET /admin/dashboard/photos/new HTTP/1.1" 200 54 "-" "python-requests/2.24.0"
192.168.50.36 - - [01/Nov/2020:16:44:32 +0000] "POST /admin/dashboard/photos/new HTTP/1.1" 201 40 "-" "python-requests/2.24.0"
192.168.50.36 - - [01/Nov/2020:16:44:33 +0000] "GET /admin/dashboard/photos/new HTTP/1.1" 200 54 "-" "python-requests/2.24.0"
192.168.50.36 - - [01/Nov/2020:16:44:42 +0000] "POST /admin/dashboard/photos/new HTTP/1.1" 201 40 "-" "python-requests/2.24.0"
192.168.50.36 - - [01/Nov/2020:16:44:42 +0000] "GET /admin/dashboard/photos/new HTTP/1.1" 200 54 "-" "python-requests/2.24.0"
192.168.50.36 - - [01/Nov/2020:16:44:53 +0000] "POST /admin/dashboard/photos/new HTTP/1.1" 201 40 "-" "python-requests/2.24.0"
192.168.50.36 - - [01/Nov/2020:16:44:54 +0000] "GET /admin/dashboard/photos/new HTTP/1.1" 200 54 "-" "python-requests/2.24.0"
192.168.50.36 - - [01/Nov/2020:16:44:59 +0000] "POST /admin/dashboard/photos/new HTTP/1.1" 201 40 "-" "python-requests/2.24.0"
192.168.50.36 - - [01/Nov/2020:16:45:00 +0000] "GET /admin/dashboard/photos/new HTTP/1.1" 200 54 "-" "python-requests/2.24.0"
192.168.50.36 - - [01/Nov/2020:16:45:19 +0000] "POST /admin/dashboard/photos/new HTTP/1.1" 201 40 "-" "python-requests/2.24.0"
192.168.50.36 - - [01/Nov/2020:16:45:19 +0000] "GET /admin/dashboard/photos/new HTTP/1.1" 200 54 "-" "python-requests/2.24.0"
192.168.50.36 - - [01/Nov/2020:16:45:25 +0000] "POST /admin/dashboard/photos/new HTTP/1.1" 201 40 "-" "python-requests/2.24.0"
192.168.50.36 - - [01/Nov/2020:16:45:25 +0000] "GET /admin/dashboard/photos/new HTTP/1.1" 200 54 "-" "python-requests/2.24.0"
192.168.50.36 - - [01/Nov/2020:16:45:34 +0000] "POST /admin/dashboard/photos/new HTTP/1.1" 201 40 "-" "python-requests/2.24.0"
192.168.50.36 - - [01/Nov/2020:16:45:35 +0000] "GET /admin/dashboard/photos/new HTTP/1.1" 200 54 "-" "python-requests/2.24.0"
192.168.50.36 - - [01/Nov/2020:16:45:43 +0000] "POST /admin/dashboard/photos/new HTTP/1.1" 201 40 "-" "python-requests/2.24.0"
192.168.50.36 - - [01/Nov/2020:16:45:44 +0000] "GET /admin/dashboard/photos/new HTTP/1.1" 200 54 "-" "python-requests/2.24.0"
192.168.50.36 - - [01/Nov/2020:16:45:52 +0000] "POST /admin/dashboard/photos/new HTTP/1.1" 201 40 "-" "python-requests/2.24.0"
192.168.50.36 - - [01/Nov/2020:16:45:53 +0000] "GET /admin/dashboard/categories/new HTTP/1.1" 200 54 "-" "python-requests/2.24.0"
192.168.50.36 - - [01/Nov/2020:16:45:53 +0000] "POST /admin/dashboard/categories/new HTTP/1.1" 201 43 "-" "python-requests/2.24.0"
192.168.50.36 - - [01/Nov/2020:16:45:54 +0000] "GET /admin/dashboard/categories HTTP/1.1" 200 32065 "-" "python-requests/2.24.0"
192.168.50.36 - - [01/Nov/2020:16:45:54 +0000] "GET /admin/dashboard/photos/new HTTP/1.1" 200 54 "-" "python-requests/2.24.0"
192.168.50.36 - - [01/Nov/2020:16:45:58 +0000] "POST /admin/dashboard/photos/new HTTP/1.1" 201 40 "-" "python-requests/2.24.0"
192.168.50.36 - - [01/Nov/2020:16:45:59 +0000] "GET /admin/dashboard/photos/new HTTP/1.1" 200 54 "-" "python-requests/2.24.0"
192.168.50.36 - - [01/Nov/2020:16:46:01 +0000] "POST /admin/dashboard/photos/new HTTP/1.1" 201 40 "-" "python-requests/2.24.0"
192.168.50.36 - - [01/Nov/2020:16:46:01 +0000] "GET /admin/dashboard/photos/new HTTP/1.1" 200 54 "-" "python-requests/2.24.0"
192.168.50.36 - - [01/Nov/2020:16:46:10 +0000] "POST /admin/dashboard/photos/new HTTP/1.1" 201 40 "-" "python-requests/2.24.0"
192.168.50.36 - - [01/Nov/2020:16:46:10 +0000] "GET /admin/dashboard/photos/new HTTP/1.1" 200 54 "-" "python-requests/2.24.0"
192.168.50.36 - - [01/Nov/2020:16:46:29 +0000] "POST /admin/dashboard/photos/new HTTP/1.1" 201 40 "-" "python-requests/2.24.0"
192.168.50.36 - - [01/Nov/2020:16:46:29 +0000] "GET /admin/dashboard/photos/new HTTP/1.1" 200 54 "-" "python-requests/2.24.0"
192.168.50.36 - - [01/Nov/2020:16:46:32 +0000] "POST /admin/dashboard/photos/new HTTP/1.1" 201 40 "-" "python-requests/2.24.0"
192.168.50.36 - - [01/Nov/2020:16:46:32 +0000] "GET /admin/dashboard/photos/new HTTP/1.1" 200 54 "-" "python-requests/2.24.0"
192.168.50.36 - - [01/Nov/2020:16:46:46 +0000] "POST /admin/dashboard/photos/new HTTP/1.1" 201 40 "-" "python-requests/2.24.0"
192.168.50.36 - - [01/Nov/2020:16:46:46 +0000] "GET /admin/dashboard/photos/new HTTP/1.1" 200 54 "-" "python-requests/2.24.0"
192.168.50.36 - - [01/Nov/2020:16:46:56 +0000] "POST /admin/dashboard/photos/new HTTP/1.1" 201 40 "-" "python-requests/2.24.0"
192.168.50.36 - - [01/Nov/2020:16:46:56 +0000] "GET /admin/dashboard/photos/new HTTP/1.1" 200 54 "-" "python-requests/2.24.0"
192.168.50.36 - - [01/Nov/2020:16:47:00 +0000] "POST /admin/dashboard/photos/new HTTP/1.1" 201 40 "-" "python-requests/2.24.0"
192.168.50.36 - - [01/Nov/2020:16:47:00 +0000] "GET /admin/dashboard/photos/new HTTP/1.1" 200 54 "-" "python-requests/2.24.0"
192.168.50.36 - - [01/Nov/2020:16:47:04 +0000] "POST /admin/dashboard/photos/new HTTP/1.1" 201 40 "-" "python-requests/2.24.0"
192.168.50.36 - - [01/Nov/2020:16:47:04 +0000] "GET /admin/dashboard/photos/new HTTP/1.1" 200 54 "-" "python-requests/2.24.0"
192.168.50.36 - - [01/Nov/2020:16:47:11 +0000] "POST /admin/dashboard/photos/new HTTP/1.1" 201 40 "-" "python-requests/2.24.0"
192.168.50.36 - - [01/Nov/2020:16:47:11 +0000] "GET /admin/dashboard/photos/new HTTP/1.1" 200 54 "-" "python-requests/2.24.0"
192.168.50.36 - - [01/Nov/2020:16:47:18 +0000] "POST /admin/dashboard/photos/new HTTP/1.1" 201 40 "-" "python-requests/2.24.0"
192.168.50.36 - - [01/Nov/2020:16:47:19 +0000] "GET /admin/dashboard/photos/new HTTP/1.1" 200 54 "-" "python-requests/2.24.0"
192.168.50.36 - - [01/Nov/2020:16:47:32 +0000] "POST /admin/dashboard/photos/new HTTP/1.1" 201 40 "-" "python-requests/2.24.0"
192.168.50.36 - - [01/Nov/2020:16:47:32 +0000] "GET /admin/dashboard/photos/new HTTP/1.1" 200 54 "-" "python-requests/2.24.0"
192.168.50.36 - - [01/Nov/2020:16:47:39 +0000] "POST /admin/dashboard/photos/new HTTP/1.1" 201 40 "-" "python-requests/2.24.0"
192.168.50.36 - - [01/Nov/2020:16:47:40 +0000] "GET /admin/dashboard/photos/new HTTP/1.1" 200 54 "-" "python-requests/2.24.0"
192.168.50.36 - - [01/Nov/2020:16:47:49 +0000] "POST /admin/dashboard/photos/new HTTP/1.1" 201 40 "-" "python-requests/2.24.0"
192.168.50.36 - - [01/Nov/2020:16:47:49 +0000] "GET /admin/dashboard/photos/new HTTP/1.1" 200 54 "-" "python-requests/2.24.0"
192.168.50.36 - - [01/Nov/2020:16:47:59 +0000] "POST /admin/dashboard/photos/new HTTP/1.1" 201 40 "-" "python-requests/2.24.0"
192.168.50.36 - - [01/Nov/2020:16:47:59 +0000] "GET /admin/dashboard/categories/new HTTP/1.1" 200 54 "-" "python-requests/2.24.0"
192.168.50.36 - - [01/Nov/2020:16:47:59 +0000] "POST /admin/dashboard/categories/new HTTP/1.1" 201 43 "-" "python-requests/2.24.0"
192.168.50.36 - - [01/Nov/2020:16:47:59 +0000] "GET /admin/dashboard/categories HTTP/1.1" 200 40450 "-" "python-requests/2.24.0"
192.168.50.36 - - [01/Nov/2020:16:48:00 +0000] "GET /admin/dashboard/photos/new HTTP/1.1" 200 54 "-" "python-requests/2.24.0"
192.168.50.36 - - [01/Nov/2020:16:48:06 +0000] "POST /admin/dashboard/photos/new HTTP/1.1" 201 40 "-" "python-requests/2.24.0"
192.168.50.36 - - [01/Nov/2020:16:48:06 +0000] "GET /admin/dashboard/photos/new HTTP/1.1" 200 54 "-" "python-requests/2.24.0"
192.168.50.36 - - [01/Nov/2020:16:48:12 +0000] "POST /admin/dashboard/photos/new HTTP/1.1" 201 40 "-" "python-requests/2.24.0"
192.168.50.36 - - [01/Nov/2020:16:48:13 +0000] "GET /admin/dashboard/photos/new HTTP/1.1" 200 54 "-" "python-requests/2.24.0"
192.168.50.36 - - [01/Nov/2020:16:48:23 +0000] "POST /admin/dashboard/photos/new HTTP/1.1" 201 40 "-" "python-requests/2.24.0"
192.168.50.36 - - [01/Nov/2020:16:48:24 +0000] "GET /admin/dashboard/photos/new HTTP/1.1" 200 54 "-" "python-requests/2.24.0"
192.168.50.36 - - [01/Nov/2020:16:48:30 +0000] "POST /admin/dashboard/photos/new HTTP/1.1" 201 40 "-" "python-requests/2.24.0"
192.168.50.36 - - [01/Nov/2020:16:48:30 +0000] "GET /admin/dashboard/photos/new HTTP/1.1" 200 54 "-" "python-requests/2.24.0"
192.168.1.57 - - [01/Nov/2020:16:48:32 +0000] "GET / HTTP/1.1" 301 169 "android-app://com.google.android.googlequicksearchbox/" "Mozilla/5.0 (Linux; Android 10; Mi A2 Lite) AppleWebKit/537.36 (KHTML, like Gecko) Chrome/86.0.4240.110 Mobile Safari/537.36"
192.168.50.36 - - [01/Nov/2020:16:48:35 +0000] "POST /admin/dashboard/photos/new HTTP/1.1" 201 40 "-" "python-requests/2.24.0"
192.168.50.36 - - [01/Nov/2020:16:48:35 +0000] "GET /admin/dashboard/photos/new HTTP/1.1" 200 54 "-" "python-requests/2.24.0"
192.168.50.36 - - [01/Nov/2020:16:48:41 +0000] "POST /admin/dashboard/photos/new HTTP/1.1" 201 40 "-" "python-requests/2.24.0"
192.168.50.36 - - [01/Nov/2020:16:48:41 +0000] "GET /admin/dashboard/photos/new HTTP/1.1" 200 54 "-" "python-requests/2.24.0"
192.168.50.36 - - [01/Nov/2020:16:48:46 +0000] "POST /admin/dashboard/photos/new HTTP/1.1" 201 40 "-" "python-requests/2.24.0"
192.168.50.36 - - [01/Nov/2020:16:48:46 +0000] "GET /admin/dashboard/photos/new HTTP/1.1" 200 54 "-" "python-requests/2.24.0"
192.168.50.36 - - [01/Nov/2020:16:48:52 +0000] "POST /admin/dashboard/photos/new HTTP/1.1" 201 40 "-" "python-requests/2.24.0"
192.168.50.36 - - [01/Nov/2020:16:48:52 +0000] "GET /admin/dashboard/photos/new HTTP/1.1" 200 54 "-" "python-requests/2.24.0"
192.168.50.36 - - [01/Nov/2020:16:48:57 +0000] "POST /admin/dashboard/photos/new HTTP/1.1" 201 40 "-" "python-requests/2.24.0"
192.168.50.36 - - [01/Nov/2020:16:48:57 +0000] "GET /admin/dashboard/photos/new HTTP/1.1" 200 54 "-" "python-requests/2.24.0"
192.168.50.36 - - [01/Nov/2020:16:49:02 +0000] "POST /admin/dashboard/photos/new HTTP/1.1" 201 40 "-" "python-requests/2.24.0"
192.168.50.36 - - [01/Nov/2020:16:49:03 +0000] "GET /admin/dashboard/photos/new HTTP/1.1" 200 54 "-" "python-requests/2.24.0"
192.168.50.36 - - [01/Nov/2020:16:49:11 +0000] "POST /admin/dashboard/photos/new HTTP/1.1" 201 40 "-" "python-requests/2.24.0"
192.168.50.36 - - [01/Nov/2020:16:49:11 +0000] "GET /admin/dashboard/photos/new HTTP/1.1" 200 54 "-" "python-requests/2.24.0"
192.168.50.36 - - [01/Nov/2020:16:49:18 +0000] "POST /admin/dashboard/photos/new HTTP/1.1" 201 40 "-" "python-requests/2.24.0"
192.168.50.36 - - [01/Nov/2020:16:49:18 +0000] "GET /admin/dashboard/categories/new HTTP/1.1" 200 54 "-" "python-requests/2.24.0"
192.168.50.36 - - [01/Nov/2020:16:49:18 +0000] "POST /admin/dashboard/categories/new HTTP/1.1" 201 43 "-" "python-requests/2.24.0"
192.168.50.36 - - [01/Nov/2020:16:49:19 +0000] "GET /admin/dashboard/categories HTTP/1.1" 200 47161 "-" "python-requests/2.24.0"
192.168.50.36 - - [01/Nov/2020:16:49:19 +0000] "GET /admin/dashboard/photos/new HTTP/1.1" 200 54 "-" "python-requests/2.24.0"
192.168.50.36 - - [01/Nov/2020:16:49:25 +0000] "POST /admin/dashboard/photos/new HTTP/1.1" 201 40 "-" "python-requests/2.24.0"
192.168.50.36 - - [01/Nov/2020:16:49:25 +0000] "GET /admin/dashboard/photos/new HTTP/1.1" 200 54 "-" "python-requests/2.24.0"
192.168.50.36 - - [01/Nov/2020:16:49:30 +0000] "POST /admin/dashboard/photos/new HTTP/1.1" 201 40 "-" "python-requests/2.24.0"
192.168.50.36 - - [01/Nov/2020:16:49:30 +0000] "GET /admin/dashboard/photos/new HTTP/1.1" 200 54 "-" "python-requests/2.24.0"
192.168.50.36 - - [01/Nov/2020:16:49:35 +0000] "POST /admin/dashboard/photos/new HTTP/1.1" 201 40 "-" "python-requests/2.24.0"
192.168.50.36 - - [01/Nov/2020:16:49:36 +0000] "GET /admin/dashboard/photos/new HTTP/1.1" 200 54 "-" "python-requests/2.24.0"
192.168.50.36 - - [01/Nov/2020:16:49:41 +0000] "POST /admin/dashboard/photos/new HTTP/1.1" 201 40 "-" "python-requests/2.24.0"
192.168.50.36 - - [01/Nov/2020:16:49:41 +0000] "GET /admin/dashboard/photos/new HTTP/1.1" 200 54 "-" "python-requests/2.24.0"
192.168.50.36 - - [01/Nov/2020:16:49:47 +0000] "POST /admin/dashboard/photos/new HTTP/1.1" 201 40 "-" "python-requests/2.24.0"
192.168.50.36 - - [01/Nov/2020:16:49:48 +0000] "GET /admin/dashboard/photos/new HTTP/1.1" 200 54 "-" "python-requests/2.24.0"
192.168.50.36 - - [01/Nov/2020:16:50:01 +0000] "POST /admin/dashboard/photos/new HTTP/1.1" 201 40 "-" "python-requests/2.24.0"
192.168.50.36 - - [01/Nov/2020:16:50:02 +0000] "GET /admin/dashboard/photos/new HTTP/1.1" 200 54 "-" "python-requests/2.24.0"
192.168.50.36 - - [01/Nov/2020:16:50:08 +0000] "POST /admin/dashboard/photos/new HTTP/1.1" 201 40 "-" "python-requests/2.24.0"
192.168.50.36 - - [01/Nov/2020:16:50:08 +0000] "GET /admin/dashboard/photos/new HTTP/1.1" 200 54 "-" "python-requests/2.24.0"
192.168.50.115 - - [01/Nov/2020:16:50:22 +0000] "GET / HTTP/1.1" 301 169 "android-app://com.google.android.googlequicksearchbox/" "Mozilla/5.0 (Linux; Android 10; Mi A2 Lite) AppleWebKit/537.36 (KHTML, like Gecko) Chrome/86.0.4240.110 Mobile Safari/537.36"
192.168.50.36 - - [01/Nov/2020:16:50:23 +0000] "POST /admin/dashboard/photos/new HTTP/1.1" 201 40 "-" "python-requests/2.24.0"
192.168.50.36 - - [01/Nov/2020:16:50:24 +0000] "GET /admin/dashboard/photos/new HTTP/1.1" 200 54 "-" "python-requests/2.24.0"
192.168.50.115 - - [01/Nov/2020:16:50:29 +0000] "GET / HTTP/1.1" 200 510 "android-app://com.google.android.googlequicksearchbox/" "Mozilla/5.0 (Linux; Android 10; Mi A2 Lite) AppleWebKit/537.36 (KHTML, like Gecko) Chrome/86.0.4240.110 Mobile Safari/537.36"
192.168.50.115 - - [01/Nov/2020:16:50:29 +0000] "GET /build/runtime.d94b3b43.js HTTP/1.1" 200 1505 "https://192.168.50.122/" "Mozilla/5.0 (Linux; Android 10; Mi A2 Lite) AppleWebKit/537.36 (KHTML, like Gecko) Chrome/86.0.4240.110 Mobile Safari/537.36"
192.168.50.115 - - [01/Nov/2020:16:50:29 +0000] "GET /build/app.367eb2d6.css HTTP/1.1" 200 144592 "https://192.168.50.122/" "Mozilla/5.0 (Linux; Android 10; Mi A2 Lite) AppleWebKit/537.36 (KHTML, like Gecko) Chrome/86.0.4240.110 Mobile Safari/537.36"
192.168.50.115 - - [01/Nov/2020:16:50:29 +0000] "GET /build/app.75d18c52.js HTTP/1.1" 200 67982 "https://192.168.50.122/" "Mozilla/5.0 (Linux; Android 10; Mi A2 Lite) AppleWebKit/537.36 (KHTML, like Gecko) Chrome/86.0.4240.110 Mobile Safari/537.36"
192.168.50.115 - - [01/Nov/2020:16:50:29 +0000] "GET /build/0.ae221cad.js HTTP/1.1" 200 417900 "https://192.168.50.122/" "Mozilla/5.0 (Linux; Android 10; Mi A2 Lite) AppleWebKit/537.36 (KHTML, like Gecko) Chrome/86.0.4240.110 Mobile Safari/537.36"
192.168.50.115 - - [01/Nov/2020:16:50:30 +0000] "GET /api/profile_info HTTP/1.1" 200 92 "https://192.168.50.122/" "Mozilla/5.0 (Linux; Android 10; Mi A2 Lite) AppleWebKit/537.36 (KHTML, like Gecko) Chrome/86.0.4240.110 Mobile Safari/537.36"
192.168.50.115 - - [01/Nov/2020:16:50:30 +0000] "GET /favicon.ico HTTP/1.1" 404 819 "https://192.168.50.122/" "Mozilla/5.0 (Linux; Android 10; Mi A2 Lite) AppleWebKit/537.36 (KHTML, like Gecko) Chrome/86.0.4240.110 Mobile Safari/537.36"
192.168.50.115 - - [01/Nov/2020:16:50:30 +0000] "GET /build/logo.svg HTTP/1.1" 200 1136 "https://192.168.50.122/" "Mozilla/5.0 (Linux; Android 10; Mi A2 Lite) AppleWebKit/537.36 (KHTML, like Gecko) Chrome/86.0.4240.110 Mobile Safari/537.36"
192.168.50.115 - - [01/Nov/2020:16:50:30 +0000] "GET /build/uploads/profile_pic.jpg HTTP/1.1" 404 819 "https://192.168.50.122/" "Mozilla/5.0 (Linux; Android 10; Mi A2 Lite) AppleWebKit/537.36 (KHTML, like Gecko) Chrome/86.0.4240.110 Mobile Safari/537.36"
192.168.50.115 - - [01/Nov/2020:16:50:35 +0000] "GET /api/categories HTTP/1.1" 200 51586 "https://192.168.50.122/gallery" "Mozilla/5.0 (Linux; Android 10; Mi A2 Lite) AppleWebKit/537.36 (KHTML, like Gecko) Chrome/86.0.4240.110 Mobile Safari/537.36"
192.168.50.115 - - [01/Nov/2020:16:50:35 +0000] "GET /img/IMG_5f9ee4894642b1.34603620.jpeg HTTP/1.1" 200 70046 "https://192.168.50.122/gallery" "Mozilla/5.0 (Linux; Android 10; Mi A2 Lite) AppleWebKit/537.36 (KHTML, like Gecko) Chrome/86.0.4240.110 Mobile Safari/537.36"
192.168.50.115 - - [01/Nov/2020:16:50:35 +0000] "GET /img/IMG_5f9ee48ea56f33.80749653.jpeg HTTP/1.1" 200 111291 "https://192.168.50.122/gallery" "Mozilla/5.0 (Linux; Android 10; Mi A2 Lite) AppleWebKit/537.36 (KHTML, like Gecko) Chrome/86.0.4240.110 Mobile Safari/537.36"
192.168.50.115 - - [01/Nov/2020:16:50:35 +0000] "GET /img/IMG_5f9ee54f079b20.64615396.jpeg HTTP/1.1" 200 128055 "https://192.168.50.122/gallery" "Mozilla/5.0 (Linux; Android 10; Mi A2 Lite) AppleWebKit/537.36 (KHTML, like Gecko) Chrome/86.0.4240.110 Mobile Safari/537.36"
192.168.50.115 - - [01/Nov/2020:16:50:36 +0000] "GET /img/IMG_5f9ee5c478bf86.01772954.jpeg HTTP/1.1" 200 275774 "https://192.168.50.122/gallery" "Mozilla/5.0 (Linux; Android 10; Mi A2 Lite) AppleWebKit/537.36 (KHTML, like Gecko) Chrome/86.0.4240.110 Mobile Safari/537.36"
192.168.50.115 - - [01/Nov/2020:16:50:36 +0000] "GET /img/IMG_5f9ee64484ea89.86009192.jpeg HTTP/1.1" 200 30040 "https://192.168.50.122/gallery" "Mozilla/5.0 (Linux; Android 10; Mi A2 Lite) AppleWebKit/537.36 (KHTML, like Gecko) Chrome/86.0.4240.110 Mobile Safari/537.36"
192.168.50.115 - - [01/Nov/2020:16:50:36 +0000] "GET /img/IMG_5f9ee6c262b291.58996314.jpeg HTTP/1.1" 200 210216 "https://192.168.50.122/gallery" "Mozilla/5.0 (Linux; Android 10; Mi A2 Lite) AppleWebKit/537.36 (KHTML, like Gecko) Chrome/86.0.4240.110 Mobile Safari/537.36"
192.168.50.115 - - [01/Nov/2020:16:50:36 +0000] "GET /img/IMG_5f9ee711716662.62583892.jpeg HTTP/1.1" 200 174413 "https://192.168.50.122/gallery" "Mozilla/5.0 (Linux; Android 10; Mi A2 Lite) AppleWebKit/537.36 (KHTML, like Gecko) Chrome/86.0.4240.110 Mobile Safari/537.36"
192.168.50.36 - - [01/Nov/2020:16:50:39 +0000] "POST /admin/dashboard/photos/new HTTP/1.1" 201 40 "-" "python-requests/2.24.0"
192.168.50.36 - - [01/Nov/2020:16:50:39 +0000] "GET /admin/dashboard/photos/new HTTP/1.1" 200 54 "-" "python-requests/2.24.0"
192.168.50.115 - - [01/Nov/2020:16:50:41 +0000] "GET /api/gallery/Macro HTTP/1.1" 200 125603 "https://192.168.50.122/gallery/Macro" "Mozilla/5.0 (Linux; Android 10; Mi A2 Lite) AppleWebKit/537.36 (KHTML, like Gecko) Chrome/86.0.4240.110 Mobile Safari/537.36"
192.168.50.115 - - [01/Nov/2020:16:50:44 +0000] "GET /img/IMG_5f9ee648095cd3.73127236.jpeg HTTP/1.1" 200 89906 "https://192.168.50.122/gallery" "Mozilla/5.0 (Linux; Android 10; Mi A2 Lite) AppleWebKit/537.36 (KHTML, like Gecko) Chrome/86.0.4240.110 Mobile Safari/537.36"
192.168.50.115 - - [01/Nov/2020:16:50:44 +0000] "GET /img/IMG_5f9ee64e95eba6.27326756.jpeg HTTP/1.1" 200 69736 "https://192.168.50.122/gallery" "Mozilla/5.0 (Linux; Android 10; Mi A2 Lite) AppleWebKit/537.36 (KHTML, like Gecko) Chrome/86.0.4240.110 Mobile Safari/537.36"
192.168.50.115 - - [01/Nov/2020:16:50:44 +0000] "GET /img/IMG_5f9ee65abbbf74.08068396.jpeg HTTP/1.1" 200 60048 "https://192.168.50.122/gallery" "Mozilla/5.0 (Linux; Android 10; Mi A2 Lite) AppleWebKit/537.36 (KHTML, like Gecko) Chrome/86.0.4240.110 Mobile Safari/537.36"
192.168.50.115 - - [01/Nov/2020:16:50:44 +0000] "GET /img/IMG_5f9ee666f08f56.54683218.jpeg HTTP/1.1" 200 58936 "https://192.168.50.122/gallery" "Mozilla/5.0 (Linux; Android 10; Mi A2 Lite) AppleWebKit/537.36 (KHTML, like Gecko) Chrome/86.0.4240.110 Mobile Safari/537.36"
192.168.50.115 - - [01/Nov/2020:16:50:44 +0000] "GET /img/IMG_5f9ee67b67eb59.22539521.jpeg HTTP/1.1" 200 41328 "https://192.168.50.122/gallery" "Mozilla/5.0 (Linux; Android 10; Mi A2 Lite) AppleWebKit/537.36 (KHTML, like Gecko) Chrome/86.0.4240.110 Mobile Safari/537.36"
192.168.50.115 - - [01/Nov/2020:16:50:44 +0000] "GET /img/IMG_5f9ee67096be13.56558359.jpeg HTTP/1.1" 200 68074 "https://192.168.50.122/gallery" "Mozilla/5.0 (Linux; Android 10; Mi A2 Lite) AppleWebKit/537.36 (KHTML, like Gecko) Chrome/86.0.4240.110 Mobile Safari/537.36"
192.168.50.115 - - [01/Nov/2020:16:50:46 +0000] "GET /img/IMG_5f9ee682349293.32117305.jpeg HTTP/1.1" 200 88324 "https://192.168.50.122/gallery" "Mozilla/5.0 (Linux; Android 10; Mi A2 Lite) AppleWebKit/537.36 (KHTML, like Gecko) Chrome/86.0.4240.110 Mobile Safari/537.36"
192.168.50.115 - - [01/Nov/2020:16:50:46 +0000] "GET /img/IMG_5f9ee6862ba885.72767825.jpeg HTTP/1.1" 200 55816 "https://192.168.50.122/gallery" "Mozilla/5.0 (Linux; Android 10; Mi A2 Lite) AppleWebKit/537.36 (KHTML, like Gecko) Chrome/86.0.4240.110 Mobile Safari/537.36"
192.168.50.115 - - [01/Nov/2020:16:50:47 +0000] "GET /img/IMG_5f9ee68c04d9d6.44562782.jpeg HTTP/1.1" 200 73890 "https://192.168.50.122/gallery" "Mozilla/5.0 (Linux; Android 10; Mi A2 Lite) AppleWebKit/537.36 (KHTML, like Gecko) Chrome/86.0.4240.110 Mobile Safari/537.36"
192.168.50.115 - - [01/Nov/2020:16:50:47 +0000] "GET /img/IMG_5f9ee692df2dd4.29227917.jpeg HTTP/1.1" 200 20770 "https://192.168.50.122/gallery" "Mozilla/5.0 (Linux; Android 10; Mi A2 Lite) AppleWebKit/537.36 (KHTML, like Gecko) Chrome/86.0.4240.110 Mobile Safari/537.36"
192.168.50.115 - - [01/Nov/2020:16:50:48 +0000] "GET /img/IMG_5f9ee6a944bc35.66247231.jpeg HTTP/1.1" 200 21372 "https://192.168.50.122/gallery" "Mozilla/5.0 (Linux; Android 10; Mi A2 Lite) AppleWebKit/537.36 (KHTML, like Gecko) Chrome/86.0.4240.110 Mobile Safari/537.36"
192.168.50.115 - - [01/Nov/2020:16:50:48 +0000] "GET /img/IMG_5f9ee69b44a432.57268676.jpeg HTTP/1.1" 200 155063 "https://192.168.50.122/gallery" "Mozilla/5.0 (Linux; Android 10; Mi A2 Lite) AppleWebKit/537.36 (KHTML, like Gecko) Chrome/86.0.4240.110 Mobile Safari/537.36"
192.168.50.115 - - [01/Nov/2020:16:50:49 +0000] "GET /img/IMG_5f9ee6b129b0c3.20378841.jpeg HTTP/1.1" 200 131453 "https://192.168.50.122/gallery" "Mozilla/5.0 (Linux; Android 10; Mi A2 Lite) AppleWebKit/537.36 (KHTML, like Gecko) Chrome/86.0.4240.110 Mobile Safari/537.36"
192.168.50.115 - - [01/Nov/2020:16:50:49 +0000] "GET /img/IMG_5f9ee6bab90a37.58523589.jpeg HTTP/1.1" 200 200521 "https://192.168.50.122/gallery" "Mozilla/5.0 (Linux; Android 10; Mi A2 Lite) AppleWebKit/537.36 (KHTML, like Gecko) Chrome/86.0.4240.110 Mobile Safari/537.36"
192.168.50.36 - - [01/Nov/2020:16:50:58 +0000] "POST /admin/dashboard/photos/new HTTP/1.1" 201 40 "-" "python-requests/2.24.0"
192.168.50.36 - - [01/Nov/2020:16:50:59 +0000] "GET /admin/dashboard/photos/new HTTP/1.1" 200 54 "-" "python-requests/2.24.0"
192.168.50.36 - - [01/Nov/2020:16:51:23 +0000] "POST /admin/dashboard/photos/new HTTP/1.1" 201 40 "-" "python-requests/2.24.0"
192.168.50.36 - - [01/Nov/2020:16:51:24 +0000] "GET /admin/dashboard/photos/new HTTP/1.1" 200 54 "-" "python-requests/2.24.0"
192.168.50.115 - - [01/Nov/2020:16:51:27 +0000] "GET /api/categories HTTP/1.1" 200 53248 "https://192.168.50.122/gallery" "Mozilla/5.0 (Linux; Android 10; Mi A2 Lite) AppleWebKit/537.36 (KHTML, like Gecko) Chrome/86.0.4240.110 Mobile Safari/537.36"
192.168.50.115 - - [01/Nov/2020:16:51:31 +0000] "GET /api/gallery/Monochrome HTTP/1.1" 200 80571 "https://192.168.50.122/gallery/Monochrome" "Mozilla/5.0 (Linux; Android 10; Mi A2 Lite) AppleWebKit/537.36 (KHTML, like Gecko) Chrome/86.0.4240.110 Mobile Safari/537.36"
192.168.50.115 - - [01/Nov/2020:16:51:32 +0000] "GET /img/IMG_5f9ee6dfca02a2.45319917.jpeg HTTP/1.1" 200 151015 "https://192.168.50.122/gallery" "Mozilla/5.0 (Linux; Android 10; Mi A2 Lite) AppleWebKit/537.36 (KHTML, like Gecko) Chrome/86.0.4240.110 Mobile Safari/537.36"
192.168.50.115 - - [01/Nov/2020:16:51:32 +0000] "GET /img/IMG_5f9ee6dab0c411.40274820.jpeg HTTP/1.1" 200 232920 "https://192.168.50.122/gallery" "Mozilla/5.0 (Linux; Android 10; Mi A2 Lite) AppleWebKit/537.36 (KHTML, like Gecko) Chrome/86.0.4240.110 Mobile Safari/537.36"
192.168.50.115 - - [01/Nov/2020:16:51:32 +0000] "GET /img/IMG_5f9ee6e57470a5.10835536.jpeg HTTP/1.1" 200 29634 "https://192.168.50.122/gallery" "Mozilla/5.0 (Linux; Android 10; Mi A2 Lite) AppleWebKit/537.36 (KHTML, like Gecko) Chrome/86.0.4240.110 Mobile Safari/537.36"
192.168.50.115 - - [01/Nov/2020:16:51:32 +0000] "GET /img/IMG_5f9ee6eb1a6cb0.78223130.jpeg HTTP/1.1" 200 156127 "https://192.168.50.122/gallery" "Mozilla/5.0 (Linux; Android 10; Mi A2 Lite) AppleWebKit/537.36 (KHTML, like Gecko) Chrome/86.0.4240.110 Mobile Safari/537.36"
192.168.50.115 - - [01/Nov/2020:16:51:32 +0000] "GET /img/IMG_5f9ee6c919a747.08174902.jpeg HTTP/1.1" 200 215755 "https://192.168.50.122/gallery" "Mozilla/5.0 (Linux; Android 10; Mi A2 Lite) AppleWebKit/537.36 (KHTML, like Gecko) Chrome/86.0.4240.110 Mobile Safari/537.36"
192.168.50.115 - - [01/Nov/2020:16:51:33 +0000] "GET /img/IMG_5f9ee6f11816b2.54406592.jpeg HTTP/1.1" 200 87094 "https://192.168.50.122/gallery" "Mozilla/5.0 (Linux; Android 10; Mi A2 Lite) AppleWebKit/537.36 (KHTML, like Gecko) Chrome/86.0.4240.110 Mobile Safari/537.36"
192.168.50.115 - - [01/Nov/2020:16:51:33 +0000] "GET /img/IMG_5f9ee6d1ed9ce4.38034053.jpeg HTTP/1.1" 200 337274 "https://192.168.50.122/gallery" "Mozilla/5.0 (Linux; Android 10; Mi A2 Lite) AppleWebKit/537.36 (KHTML, like Gecko) Chrome/86.0.4240.110 Mobile Safari/537.36"
192.168.50.115 - - [01/Nov/2020:16:51:33 +0000] "GET /img/IMG_5f9ee6f66ff560.21754096.jpeg HTTP/1.1" 200 21258 "https://192.168.50.122/gallery" "Mozilla/5.0 (Linux; Android 10; Mi A2 Lite) AppleWebKit/537.36 (KHTML, like Gecko) Chrome/86.0.4240.110 Mobile Safari/537.36"
192.168.50.115 - - [01/Nov/2020:16:51:33 +0000] "GET /img/IMG_5f9ee6fc5a36c2.37952166.jpeg HTTP/1.1" 200 176965 "https://192.168.50.122/gallery" "Mozilla/5.0 (Linux; Android 10; Mi A2 Lite) AppleWebKit/537.36 (KHTML, like Gecko) Chrome/86.0.4240.110 Mobile Safari/537.36"
192.168.50.115 - - [01/Nov/2020:16:51:33 +0000] "GET /img/IMG_5f9ee703453e78.65027004.jpeg HTTP/1.1" 200 486235 "https://192.168.50.122/gallery" "Mozilla/5.0 (Linux; Android 10; Mi A2 Lite) AppleWebKit/537.36 (KHTML, like Gecko) Chrome/86.0.4240.110 Mobile Safari/537.36"
192.168.50.115 - - [01/Nov/2020:16:51:33 +0000] "GET /img/IMG_5f9ee70a132ea7.95336716.jpeg HTTP/1.1" 200 184671 "https://192.168.50.122/gallery" "Mozilla/5.0 (Linux; Android 10; Mi A2 Lite) AppleWebKit/537.36 (KHTML, like Gecko) Chrome/86.0.4240.110 Mobile Safari/537.36"
192.168.50.36 - - [01/Nov/2020:16:51:41 +0000] "POST /admin/dashboard/photos/new HTTP/1.1" 201 40 "-" "python-requests/2.24.0"
192.168.50.36 - - [01/Nov/2020:16:51:41 +0000] "GET /admin/dashboard/photos/new HTTP/1.1" 200 54 "-" "python-requests/2.24.0"
192.168.50.36 - - [01/Nov/2020:16:51:54 +0000] "POST /admin/dashboard/photos/new HTTP/1.1" 201 40 "-" "python-requests/2.24.0"
192.168.50.36 - - [01/Nov/2020:16:51:55 +0000] "GET /admin/dashboard/photos/new HTTP/1.1" 200 54 "-" "python-requests/2.24.0"
192.168.50.115 - - [01/Nov/2020:16:52:02 +0000] "GET /gallery/Monochrome HTTP/1.1" 302 290 "android-app://com.google.android.googlequicksearchbox/" "Mozilla/5.0 (Linux; Android 10; Mi A2 Lite) AppleWebKit/537.36 (KHTML, like Gecko) Chrome/86.0.4240.110 Mobile Safari/537.36"
192.168.50.115 - - [01/Nov/2020:16:52:03 +0000] "GET /gallery HTTP/1.1" 200 510 "android-app://com.google.android.googlequicksearchbox/" "Mozilla/5.0 (Linux; Android 10; Mi A2 Lite) AppleWebKit/537.36 (KHTML, like Gecko) Chrome/86.0.4240.110 Mobile Safari/537.36"
192.168.50.115 - - [01/Nov/2020:16:52:03 +0000] "GET /build/app.367eb2d6.css HTTP/1.1" 200 144592 "https://192.168.50.122/gallery" "Mozilla/5.0 (Linux; Android 10; Mi A2 Lite) AppleWebKit/537.36 (KHTML, like Gecko) Chrome/86.0.4240.110 Mobile Safari/537.36"
192.168.50.115 - - [01/Nov/2020:16:52:03 +0000] "GET /api/profile_info HTTP/1.1" 200 92 "https://192.168.50.122/gallery" "Mozilla/5.0 (Linux; Android 10; Mi A2 Lite) AppleWebKit/537.36 (KHTML, like Gecko) Chrome/86.0.4240.110 Mobile Safari/537.36"
192.168.50.115 - - [01/Nov/2020:16:52:04 +0000] "GET /api/categories HTTP/1.1" 200 54363 "https://192.168.50.122/gallery" "Mozilla/5.0 (Linux; Android 10; Mi A2 Lite) AppleWebKit/537.36 (KHTML, like Gecko) Chrome/86.0.4240.110 Mobile Safari/537.36"
192.168.50.115 - - [01/Nov/2020:16:52:04 +0000] "GET /img/IMG_5f9ee48ea56f33.80749653.jpeg HTTP/1.1" 200 111299 "https://192.168.50.122/gallery" "Mozilla/5.0 (Linux; Android 10; Mi A2 Lite) AppleWebKit/537.36 (KHTML, like Gecko) Chrome/86.0.4240.110 Mobile Safari/537.36"
192.168.50.115 - - [01/Nov/2020:16:52:04 +0000] "GET /img/IMG_5f9ee4894642b1.34603620.jpeg HTTP/1.1" 200 70046 "https://192.168.50.122/gallery" "Mozilla/5.0 (Linux; Android 10; Mi A2 Lite) AppleWebKit/537.36 (KHTML, like Gecko) Chrome/86.0.4240.110 Mobile Safari/537.36"
192.168.50.115 - - [01/Nov/2020:16:52:04 +0000] "GET /img/IMG_5f9ee54f079b20.64615396.jpeg HTTP/1.1" 200 128055 "https://192.168.50.122/gallery" "Mozilla/5.0 (Linux; Android 10; Mi A2 Lite) AppleWebKit/537.36 (KHTML, like Gecko) Chrome/86.0.4240.110 Mobile Safari/537.36"
192.168.50.115 - - [01/Nov/2020:16:52:04 +0000] "GET /img/IMG_5f9ee5c478bf86.01772954.jpeg HTTP/1.1" 200 275805 "https://192.168.50.122/gallery" "Mozilla/5.0 (Linux; Android 10; Mi A2 Lite) AppleWebKit/537.36 (KHTML, like Gecko) Chrome/86.0.4240.110 Mobile Safari/537.36"
192.168.50.115 - - [01/Nov/2020:16:52:05 +0000] "GET /img/IMG_5f9ee64484ea89.86009192.jpeg HTTP/1.1" 200 30040 "https://192.168.50.122/gallery" "Mozilla/5.0 (Linux; Android 10; Mi A2 Lite) AppleWebKit/537.36 (KHTML, like Gecko) Chrome/86.0.4240.110 Mobile Safari/537.36"
192.168.50.115 - - [01/Nov/2020:16:52:05 +0000] "GET /img/IMG_5f9ee6c262b291.58996314.jpeg HTTP/1.1" 200 210223 "https://192.168.50.122/gallery" "Mozilla/5.0 (Linux; Android 10; Mi A2 Lite) AppleWebKit/537.36 (KHTML, like Gecko) Chrome/86.0.4240.110 Mobile Safari/537.36"
192.168.50.115 - - [01/Nov/2020:16:52:05 +0000] "GET /img/IMG_5f9ee711716662.62583892.jpeg HTTP/1.1" 200 174413 "https://192.168.50.122/gallery" "Mozilla/5.0 (Linux; Android 10; Mi A2 Lite) AppleWebKit/537.36 (KHTML, like Gecko) Chrome/86.0.4240.110 Mobile Safari/537.36"
192.168.50.36 - - [01/Nov/2020:16:52:05 +0000] "POST /admin/dashboard/photos/new HTTP/1.1" 201 40 "-" "python-requests/2.24.0"
192.168.50.36 - - [01/Nov/2020:16:52:05 +0000] "GET /admin/dashboard/photos/new HTTP/1.1" 200 54 "-" "python-requests/2.24.0"
192.168.50.115 - - [01/Nov/2020:16:52:09 +0000] "GET /img/IMG_5f9ee5ce4f9fa6.79612963.jpeg HTTP/1.1" 200 227369 "https://192.168.50.122/gallery" "Mozilla/5.0 (Linux; Android 10; Mi A2 Lite) AppleWebKit/537.36 (KHTML, like Gecko) Chrome/86.0.4240.110 Mobile Safari/537.36"
192.168.50.115 - - [01/Nov/2020:16:52:10 +0000] "GET /img/IMG_5f9ee648095cd3.73127236.jpeg HTTP/1.1" 200 89914 "https://192.168.50.122/gallery" "Mozilla/5.0 (Linux; Android 10; Mi A2 Lite) AppleWebKit/537.36 (KHTML, like Gecko) Chrome/86.0.4240.110 Mobile Safari/537.36"
192.168.50.115 - - [01/Nov/2020:16:52:12 +0000] "GET /img/IMG_5f9ee64e95eba6.27326756.jpeg HTTP/1.1" 200 69736 "https://192.168.50.122/gallery" "Mozilla/5.0 (Linux; Android 10; Mi A2 Lite) AppleWebKit/537.36 (KHTML, like Gecko) Chrome/86.0.4240.110 Mobile Safari/537.36"
192.168.50.115 - - [01/Nov/2020:16:52:14 +0000] "GET /img/IMG_5f9ee65abbbf74.08068396.jpeg HTTP/1.1" 200 60056 "https://192.168.50.122/gallery" "Mozilla/5.0 (Linux; Android 10; Mi A2 Lite) AppleWebKit/537.36 (KHTML, like Gecko) Chrome/86.0.4240.110 Mobile Safari/537.36"
192.168.50.115 - - [01/Nov/2020:16:52:15 +0000] "GET /img/IMG_5f9ee666f08f56.54683218.jpeg HTTP/1.1" 200 58944 "https://192.168.50.122/gallery" "Mozilla/5.0 (Linux; Android 10; Mi A2 Lite) AppleWebKit/537.36 (KHTML, like Gecko) Chrome/86.0.4240.110 Mobile Safari/537.36"
192.168.50.115 - - [01/Nov/2020:16:52:16 +0000] "GET /img/IMG_5f9ee67096be13.56558359.jpeg HTTP/1.1" 200 68074 "https://192.168.50.122/gallery" "Mozilla/5.0 (Linux; Android 10; Mi A2 Lite) AppleWebKit/537.36 (KHTML, like Gecko) Chrome/86.0.4240.110 Mobile Safari/537.36"
192.168.50.36 - - [01/Nov/2020:16:52:17 +0000] "POST /admin/dashboard/photos/new HTTP/1.1" 201 40 "-" "python-requests/2.24.0"
192.168.50.36 - - [01/Nov/2020:16:52:17 +0000] "GET /admin/dashboard/photos/new HTTP/1.1" 200 54 "-" "python-requests/2.24.0"
192.168.50.115 - - [01/Nov/2020:16:52:19 +0000] "GET /api/gallery/Monochrome HTTP/1.1" 200 80578 "https://192.168.50.122/gallery/Monochrome" "Mozilla/5.0 (Linux; Android 10; Mi A2 Lite) AppleWebKit/537.36 (KHTML, like Gecko) Chrome/86.0.4240.110 Mobile Safari/537.36"
192.168.50.115 - - [01/Nov/2020:16:52:20 +0000] "GET /img/IMG_5f9ee6c919a747.08174902.jpeg HTTP/1.1" 200 215748 "https://192.168.50.122/gallery" "Mozilla/5.0 (Linux; Android 10; Mi A2 Lite) AppleWebKit/537.36 (KHTML, like Gecko) Chrome/86.0.4240.110 Mobile Safari/537.36"
192.168.50.115 - - [01/Nov/2020:16:52:21 +0000] "GET /img/IMG_5f9ee6e57470a5.10835536.jpeg HTTP/1.1" 200 29634 "https://192.168.50.122/gallery" "Mozilla/5.0 (Linux; Android 10; Mi A2 Lite) AppleWebKit/537.36 (KHTML, like Gecko) Chrome/86.0.4240.110 Mobile Safari/537.36"
192.168.50.115 - - [01/Nov/2020:16:52:22 +0000] "GET /img/IMG_5f9ee6d1ed9ce4.38034053.jpeg HTTP/1.1" 200 337290 "https://192.168.50.122/gallery" "Mozilla/5.0 (Linux; Android 10; Mi A2 Lite) AppleWebKit/537.36 (KHTML, like Gecko) Chrome/86.0.4240.110 Mobile Safari/537.36"
192.168.50.115 - - [01/Nov/2020:16:52:22 +0000] "GET /img/IMG_5f9ee6dfca02a2.45319917.jpeg HTTP/1.1" 200 151015 "https://192.168.50.122/gallery" "Mozilla/5.0 (Linux; Android 10; Mi A2 Lite) AppleWebKit/537.36 (KHTML, like Gecko) Chrome/86.0.4240.110 Mobile Safari/537.36"
192.168.50.115 - - [01/Nov/2020:16:52:22 +0000] "GET /img/IMG_5f9ee6f11816b2.54406592.jpeg HTTP/1.1" 200 87094 "https://192.168.50.122/gallery" "Mozilla/5.0 (Linux; Android 10; Mi A2 Lite) AppleWebKit/537.36 (KHTML, like Gecko) Chrome/86.0.4240.110 Mobile Safari/537.36"
192.168.50.115 - - [01/Nov/2020:16:52:22 +0000] "GET /img/IMG_5f9ee6eb1a6cb0.78223130.jpeg HTTP/1.1" 200 156119 "https://192.168.50.122/gallery" "Mozilla/5.0 (Linux; Android 10; Mi A2 Lite) AppleWebKit/537.36 (KHTML, like Gecko) Chrome/86.0.4240.110 Mobile Safari/537.36"
192.168.50.115 - - [01/Nov/2020:16:52:22 +0000] "GET /img/IMG_5f9ee6f66ff560.21754096.jpeg HTTP/1.1" 200 21258 "https://192.168.50.122/gallery" "Mozilla/5.0 (Linux; Android 10; Mi A2 Lite) AppleWebKit/537.36 (KHTML, like Gecko) Chrome/86.0.4240.110 Mobile Safari/537.36"
192.168.50.115 - - [01/Nov/2020:16:52:23 +0000] "GET /img/IMG_5f9ee6dab0c411.40274820.jpeg HTTP/1.1" 200 232920 "https://192.168.50.122/gallery" "Mozilla/5.0 (Linux; Android 10; Mi A2 Lite) AppleWebKit/537.36 (KHTML, like Gecko) Chrome/86.0.4240.110 Mobile Safari/537.36"
192.168.50.115 - - [01/Nov/2020:16:52:23 +0000] "GET /img/IMG_5f9ee6fc5a36c2.37952166.jpeg HTTP/1.1" 200 176957 "https://192.168.50.122/gallery" "Mozilla/5.0 (Linux; Android 10; Mi A2 Lite) AppleWebKit/537.36 (KHTML, like Gecko) Chrome/86.0.4240.110 Mobile Safari/537.36"
192.168.50.115 - - [01/Nov/2020:16:52:23 +0000] "GET /img/IMG_5f9ee703453e78.65027004.jpeg HTTP/1.1" 200 486234 "https://192.168.50.122/gallery" "Mozilla/5.0 (Linux; Android 10; Mi A2 Lite) AppleWebKit/537.36 (KHTML, like Gecko) Chrome/86.0.4240.110 Mobile Safari/537.36"
192.168.50.115 - - [01/Nov/2020:16:52:23 +0000] "GET /img/IMG_5f9ee70a132ea7.95336716.jpeg HTTP/1.1" 200 184648 "https://192.168.50.122/gallery" "Mozilla/5.0 (Linux; Android 10; Mi A2 Lite) AppleWebKit/537.36 (KHTML, like Gecko) Chrome/86.0.4240.110 Mobile Safari/537.36"
192.168.50.115 - - [01/Nov/2020:16:52:26 +0000] "GET /build/uploads/profile_pic.jpg HTTP/1.1" 404 819 "https://192.168.50.122/" "Mozilla/5.0 (Linux; Android 10; Mi A2 Lite) AppleWebKit/537.36 (KHTML, like Gecko) Chrome/86.0.4240.110 Mobile Safari/537.36"
192.168.50.36 - - [01/Nov/2020:16:52:29 +0000] "POST /admin/dashboard/photos/new HTTP/1.1" 201 40 "-" "python-requests/2.24.0"
192.168.50.115 - - [01/Nov/2020:16:52:29 +0000] "GET / HTTP/1.1" 200 510 "android-app://com.google.android.googlequicksearchbox/" "Mozilla/5.0 (Linux; Android 10; Mi A2 Lite) AppleWebKit/537.36 (KHTML, like Gecko) Chrome/86.0.4240.110 Mobile Safari/537.36"
192.168.50.115 - - [01/Nov/2020:16:52:30 +0000] "GET /build/app.367eb2d6.css HTTP/1.1" 200 144592 "https://192.168.50.122/" "Mozilla/5.0 (Linux; Android 10; Mi A2 Lite) AppleWebKit/537.36 (KHTML, like Gecko) Chrome/86.0.4240.110 Mobile Safari/537.36"
192.168.50.36 - - [01/Nov/2020:16:52:30 +0000] "GET /admin/dashboard/photos/new HTTP/1.1" 200 54 "-" "python-requests/2.24.0"
192.168.50.115 - - [01/Nov/2020:16:52:30 +0000] "GET /api/profile_info HTTP/1.1" 200 92 "https://192.168.50.122/" "Mozilla/5.0 (Linux; Android 10; Mi A2 Lite) AppleWebKit/537.36 (KHTML, like Gecko) Chrome/86.0.4240.110 Mobile Safari/537.36"
192.168.50.115 - - [01/Nov/2020:16:52:31 +0000] "GET /build/uploads/profile_pic.jpg HTTP/1.1" 404 819 "https://192.168.50.122/" "Mozilla/5.0 (Linux; Android 10; Mi A2 Lite) AppleWebKit/537.36 (KHTML, like Gecko) Chrome/86.0.4240.110 Mobile Safari/537.36"
192.168.50.115 - - [01/Nov/2020:16:52:41 +0000] "GET /api/categories HTTP/1.1" 200 56018 "https://192.168.50.122/gallery" "Mozilla/5.0 (Linux; Android 10; Mi A2 Lite) AppleWebKit/537.36 (KHTML, like Gecko) Chrome/86.0.4240.110 Mobile Safari/537.36"
192.168.50.115 - - [01/Nov/2020:16:52:41 +0000] "GET /img/IMG_5f9ee4894642b1.34603620.jpeg HTTP/1.1" 200 70046 "https://192.168.50.122/gallery" "Mozilla/5.0 (Linux; Android 10; Mi A2 Lite) AppleWebKit/537.36 (KHTML, like Gecko) Chrome/86.0.4240.110 Mobile Safari/537.36"
192.168.50.115 - - [01/Nov/2020:16:52:41 +0000] "GET /img/IMG_5f9ee48ea56f33.80749653.jpeg HTTP/1.1" 200 111291 "https://192.168.50.122/gallery" "Mozilla/5.0 (Linux; Android 10; Mi A2 Lite) AppleWebKit/537.36 (KHTML, like Gecko) Chrome/86.0.4240.110 Mobile Safari/537.36"
192.168.50.115 - - [01/Nov/2020:16:52:41 +0000] "GET /img/IMG_5f9ee54f079b20.64615396.jpeg HTTP/1.1" 200 128055 "https://192.168.50.122/gallery" "Mozilla/5.0 (Linux; Android 10; Mi A2 Lite) AppleWebKit/537.36 (KHTML, like Gecko) Chrome/86.0.4240.110 Mobile Safari/537.36"
192.168.50.115 - - [01/Nov/2020:16:52:41 +0000] "GET /img/IMG_5f9ee5c478bf86.01772954.jpeg HTTP/1.1" 200 275813 "https://192.168.50.122/gallery" "Mozilla/5.0 (Linux; Android 10; Mi A2 Lite) AppleWebKit/537.36 (KHTML, like Gecko) Chrome/86.0.4240.110 Mobile Safari/537.36"
192.168.50.115 - - [01/Nov/2020:16:52:42 +0000] "GET /img/IMG_5f9ee64484ea89.86009192.jpeg HTTP/1.1" 200 30040 "https://192.168.50.122/gallery" "Mozilla/5.0 (Linux; Android 10; Mi A2 Lite) AppleWebKit/537.36 (KHTML, like Gecko) Chrome/86.0.4240.110 Mobile Safari/537.36"
192.168.50.115 - - [01/Nov/2020:16:52:42 +0000] "GET /img/IMG_5f9ee6c262b291.58996314.jpeg HTTP/1.1" 200 210223 "https://192.168.50.122/gallery" "Mozilla/5.0 (Linux; Android 10; Mi A2 Lite) AppleWebKit/537.36 (KHTML, like Gecko) Chrome/86.0.4240.110 Mobile Safari/537.36"
192.168.50.115 - - [01/Nov/2020:16:52:42 +0000] "GET /img/IMG_5f9ee711716662.62583892.jpeg HTTP/1.1" 200 174421 "https://192.168.50.122/gallery" "Mozilla/5.0 (Linux; Android 10; Mi A2 Lite) AppleWebKit/537.36 (KHTML, like Gecko) Chrome/86.0.4240.110 Mobile Safari/537.36"
192.168.50.115 - - [01/Nov/2020:16:52:42 +0000] "GET /img/IMG_5f9ee556cd7e48.57169062.jpeg HTTP/1.1" 200 106129 "https://192.168.50.122/gallery" "Mozilla/5.0 (Linux; Android 10; Mi A2 Lite) AppleWebKit/537.36 (KHTML, like Gecko) Chrome/86.0.4240.110 Mobile Safari/537.36"
192.168.50.36 - - [01/Nov/2020:16:52:44 +0000] "POST /admin/dashboard/photos/new HTTP/1.1" 201 40 "-" "python-requests/2.24.0"
192.168.50.36 - - [01/Nov/2020:16:52:44 +0000] "GET /admin/dashboard/categories/new HTTP/1.1" 200 54 "-" "python-requests/2.24.0"
192.168.50.115 - - [01/Nov/2020:16:52:44 +0000] "GET /img/IMG_5f9ee6c919a747.08174902.jpeg HTTP/1.1" 200 215762 "https://192.168.50.122/gallery" "Mozilla/5.0 (Linux; Android 10; Mi A2 Lite) AppleWebKit/537.36 (KHTML, like Gecko) Chrome/86.0.4240.110 Mobile Safari/537.36"
192.168.50.36 - - [01/Nov/2020:16:52:45 +0000] "POST /admin/dashboard/categories/new HTTP/1.1" 201 43 "-" "python-requests/2.24.0"
192.168.50.36 - - [01/Nov/2020:16:52:45 +0000] "GET /admin/dashboard/categories HTTP/1.1" 200 56636 "-" "python-requests/2.24.0"
192.168.50.36 - - [01/Nov/2020:16:52:45 +0000] "GET /admin/dashboard/photos/new HTTP/1.1" 200 54 "-" "python-requests/2.24.0"
192.168.50.36 - - [01/Nov/2020:16:52:48 +0000] "POST /admin/dashboard/photos/new HTTP/1.1" 201 40 "-" "python-requests/2.24.0"
192.168.50.36 - - [01/Nov/2020:16:52:48 +0000] "GET /admin/dashboard/photos/new HTTP/1.1" 200 54 "-" "python-requests/2.24.0"
192.168.50.115 - - [01/Nov/2020:16:52:49 +0000] "GET /img/IMG_5f9ee648095cd3.73127236.jpeg HTTP/1.1" 200 89906 "https://192.168.50.122/gallery" "Mozilla/5.0 (Linux; Android 10; Mi A2 Lite) AppleWebKit/537.36 (KHTML, like Gecko) Chrome/86.0.4240.110 Mobile Safari/537.36"
192.168.50.115 - - [01/Nov/2020:16:52:49 +0000] "GET /img/IMG_5f9ee493b720d9.59875423.jpeg HTTP/1.1" 200 81184 "https://192.168.50.122/gallery" "Mozilla/5.0 (Linux; Android 10; Mi A2 Lite) AppleWebKit/537.36 (KHTML, like Gecko) Chrome/86.0.4240.110 Mobile Safari/537.36"
192.168.50.36 - - [01/Nov/2020:16:52:51 +0000] "POST /admin/dashboard/photos/new HTTP/1.1" 201 40 "-" "python-requests/2.24.0"
192.168.50.36 - - [01/Nov/2020:16:52:51 +0000] "GET /admin/dashboard/photos/new HTTP/1.1" 200 54 "-" "python-requests/2.24.0"
192.168.50.115 - - [01/Nov/2020:16:52:54 +0000] "GET /gallery HTTP/1.1" 200 510 "android-app://com.google.android.googlequicksearchbox/" "Mozilla/5.0 (Linux; Android 10; Mi A2 Lite) AppleWebKit/537.36 (KHTML, like Gecko) Chrome/86.0.4240.110 Mobile Safari/537.36"
192.168.50.115 - - [01/Nov/2020:16:52:55 +0000] "GET /api/profile_info HTTP/1.1" 200 92 "https://192.168.50.122/gallery" "Mozilla/5.0 (Linux; Android 10; Mi A2 Lite) AppleWebKit/537.36 (KHTML, like Gecko) Chrome/86.0.4240.110 Mobile Safari/537.36"
192.168.50.115 - - [01/Nov/2020:16:52:55 +0000] "GET /api/categories HTTP/1.1" 200 57752 "https://192.168.50.122/gallery" "Mozilla/5.0 (Linux; Android 10; Mi A2 Lite) AppleWebKit/537.36 (KHTML, like Gecko) Chrome/86.0.4240.110 Mobile Safari/537.36"
192.168.50.36 - - [01/Nov/2020:16:52:56 +0000] "POST /admin/dashboard/photos/new HTTP/1.1" 201 40 "-" "python-requests/2.24.0"
192.168.50.115 - - [01/Nov/2020:16:52:56 +0000] "GET /img/IMG_5f9ee4894642b1.34603620.jpeg HTTP/1.1" 200 70046 "https://192.168.50.122/gallery" "Mozilla/5.0 (Linux; Android 10; Mi A2 Lite) AppleWebKit/537.36 (KHTML, like Gecko) Chrome/86.0.4240.110 Mobile Safari/537.36"
192.168.50.115 - - [01/Nov/2020:16:52:56 +0000] "GET /img/IMG_5f9ee48ea56f33.80749653.jpeg HTTP/1.1" 200 111299 "https://192.168.50.122/gallery" "Mozilla/5.0 (Linux; Android 10; Mi A2 Lite) AppleWebKit/537.36 (KHTML, like Gecko) Chrome/86.0.4240.110 Mobile Safari/537.36"
192.168.50.115 - - [01/Nov/2020:16:52:56 +0000] "GET /img/IMG_5f9ee64484ea89.86009192.jpeg HTTP/1.1" 200 30040 "https://192.168.50.122/gallery" "Mozilla/5.0 (Linux; Android 10; Mi A2 Lite) AppleWebKit/537.36 (KHTML, like Gecko) Chrome/86.0.4240.110 Mobile Safari/537.36"
192.168.50.115 - - [01/Nov/2020:16:52:56 +0000] "GET /img/IMG_5f9ee6c262b291.58996314.jpeg HTTP/1.1" 200 210223 "https://192.168.50.122/gallery" "Mozilla/5.0 (Linux; Android 10; Mi A2 Lite) AppleWebKit/537.36 (KHTML, like Gecko) Chrome/86.0.4240.110 Mobile Safari/537.36"
192.168.50.115 - - [01/Nov/2020:16:52:56 +0000] "GET /img/IMG_5f9ee54f079b20.64615396.jpeg HTTP/1.1" 200 128055 "https://192.168.50.122/gallery" "Mozilla/5.0 (Linux; Android 10; Mi A2 Lite) AppleWebKit/537.36 (KHTML, like Gecko) Chrome/86.0.4240.110 Mobile Safari/537.36"
192.168.50.36 - - [01/Nov/2020:16:52:56 +0000] "GET /admin/dashboard/photos/new HTTP/1.1" 200 54 "-" "python-requests/2.24.0"
192.168.50.115 - - [01/Nov/2020:16:52:57 +0000] "GET /img/IMG_5f9ee7de974be9.28998380.jpeg HTTP/1.1" 200 35217 "https://192.168.50.122/gallery" "Mozilla/5.0 (Linux; Android 10; Mi A2 Lite) AppleWebKit/537.36 (KHTML, like Gecko) Chrome/86.0.4240.110 Mobile Safari/537.36"
192.168.50.115 - - [01/Nov/2020:16:52:58 +0000] "GET /img/IMG_5f9ee711716662.62583892.jpeg HTTP/1.1" 200 174429 "https://192.168.50.122/gallery" "Mozilla/5.0 (Linux; Android 10; Mi A2 Lite) AppleWebKit/537.36 (KHTML, like Gecko) Chrome/86.0.4240.110 Mobile Safari/537.36"
192.168.50.115 - - [01/Nov/2020:16:52:58 +0000] "GET /img/IMG_5f9ee5c478bf86.01772954.jpeg HTTP/1.1" 200 275805 "https://192.168.50.122/gallery" "Mozilla/5.0 (Linux; Android 10; Mi A2 Lite) AppleWebKit/537.36 (KHTML, like Gecko) Chrome/86.0.4240.110 Mobile Safari/537.36"
192.168.50.115 - - [01/Nov/2020:16:52:59 +0000] "GET /api/gallery/Python HTTP/1.1" 200 622 "https://192.168.50.122/gallery/Python" "Mozilla/5.0 (Linux; Android 10; Mi A2 Lite) AppleWebKit/537.36 (KHTML, like Gecko) Chrome/86.0.4240.110 Mobile Safari/537.36"
192.168.50.36 - - [01/Nov/2020:16:53:01 +0000] "POST /admin/dashboard/photos/new HTTP/1.1" 201 40 "-" "python-requests/2.24.0"
192.168.50.36 - - [01/Nov/2020:16:53:01 +0000] "GET /admin/dashboard/photos/new HTTP/1.1" 200 54 "-" "python-requests/2.24.0"
192.168.50.36 - - [01/Nov/2020:16:53:03 +0000] "POST /admin/dashboard/photos/new HTTP/1.1" 201 40 "-" "python-requests/2.24.0"
192.168.50.36 - - [01/Nov/2020:16:53:03 +0000] "GET /admin/dashboard/photos/new HTTP/1.1" 200 54 "-" "python-requests/2.24.0"
192.168.50.36 - - [01/Nov/2020:16:53:05 +0000] "POST /admin/dashboard/photos/new HTTP/1.1" 201 40 "-" "python-requests/2.24.0"
192.168.50.36 - - [01/Nov/2020:16:53:05 +0000] "GET /admin/dashboard/photos/new HTTP/1.1" 200 54 "-" "python-requests/2.24.0"
192.168.50.115 - - [01/Nov/2020:16:53:06 +0000] "GET /api/categories HTTP/1.1" 200 59973 "https://192.168.50.122/gallery" "Mozilla/5.0 (Linux; Android 10; Mi A2 Lite) AppleWebKit/537.36 (KHTML, like Gecko) Chrome/86.0.4240.110 Mobile Safari/537.36"
192.168.50.36 - - [01/Nov/2020:16:53:19 +0000] "POST /admin/dashboard/photos/new HTTP/1.1" 201 40 "-" "python-requests/2.24.0"
192.168.50.36 - - [01/Nov/2020:16:53:19 +0000] "GET /admin/dashboard/photos/new HTTP/1.1" 200 54 "-" "python-requests/2.24.0"
192.168.50.115 - - [01/Nov/2020:16:53:24 +0000] "POST /login HTTP/1.1" 302 322 "https://192.168.50.122/gallery" "Mozilla/5.0 (Linux; Android 10; Mi A2 Lite) AppleWebKit/537.36 (KHTML, like Gecko) Chrome/86.0.4240.110 Mobile Safari/537.36"
192.168.50.36 - - [01/Nov/2020:16:53:24 +0000] "POST /admin/dashboard/photos/new HTTP/1.1" 201 40 "-" "python-requests/2.24.0"
192.168.50.115 - - [01/Nov/2020:16:53:25 +0000] "GET /admin/dashboard HTTP/1.1" 200 510 "https://192.168.50.122/gallery" "Mozilla/5.0 (Linux; Android 10; Mi A2 Lite) AppleWebKit/537.36 (KHTML, like Gecko) Chrome/86.0.4240.110 Mobile Safari/537.36"
192.168.50.36 - - [01/Nov/2020:16:53:25 +0000] "GET /admin/dashboard/photos/new HTTP/1.1" 200 54 "-" "python-requests/2.24.0"
192.168.50.115 - - [01/Nov/2020:16:53:29 +0000] "GET /gallery HTTP/1.1" 200 510 "android-app://com.google.android.googlequicksearchbox/" "Mozilla/5.0 (Linux; Android 10; Mi A2 Lite) AppleWebKit/537.36 (KHTML, like Gecko) Chrome/86.0.4240.110 Mobile Safari/537.36"
192.168.50.115 - - [01/Nov/2020:16:53:30 +0000] "GET /api/profile_info HTTP/1.1" 200 180 "https://192.168.50.122/gallery" "Mozilla/5.0 (Linux; Android 10; Mi A2 Lite) AppleWebKit/537.36 (KHTML, like Gecko) Chrome/86.0.4240.110 Mobile Safari/537.36"
192.168.50.115 - - [01/Nov/2020:16:53:30 +0000] "GET /api/categories HTTP/1.1" 200 61085 "https://192.168.50.122/gallery" "Mozilla/5.0 (Linux; Android 10; Mi A2 Lite) AppleWebKit/537.36 (KHTML, like Gecko) Chrome/86.0.4240.110 Mobile Safari/537.36"
192.168.50.115 - - [01/Nov/2020:16:53:31 +0000] "GET /img/IMG_5f9ee4894642b1.34603620.jpeg HTTP/1.1" 200 70046 "https://192.168.50.122/gallery" "Mozilla/5.0 (Linux; Android 10; Mi A2 Lite) AppleWebKit/537.36 (KHTML, like Gecko) Chrome/86.0.4240.110 Mobile Safari/537.36"
192.168.50.115 - - [01/Nov/2020:16:53:31 +0000] "GET /img/IMG_5f9ee48ea56f33.80749653.jpeg HTTP/1.1" 200 111291 "https://192.168.50.122/gallery" "Mozilla/5.0 (Linux; Android 10; Mi A2 Lite) AppleWebKit/537.36 (KHTML, like Gecko) Chrome/86.0.4240.110 Mobile Safari/537.36"
192.168.50.115 - - [01/Nov/2020:16:53:31 +0000] "GET /img/IMG_5f9ee54f079b20.64615396.jpeg HTTP/1.1" 200 128047 "https://192.168.50.122/gallery" "Mozilla/5.0 (Linux; Android 10; Mi A2 Lite) AppleWebKit/537.36 (KHTML, like Gecko) Chrome/86.0.4240.110 Mobile Safari/537.36"
192.168.50.115 - - [01/Nov/2020:16:53:31 +0000] "GET /img/IMG_5f9ee5c478bf86.01772954.jpeg HTTP/1.1" 200 275782 "https://192.168.50.122/gallery" "Mozilla/5.0 (Linux; Android 10; Mi A2 Lite) AppleWebKit/537.36 (KHTML, like Gecko) Chrome/86.0.4240.110 Mobile Safari/537.36"
192.168.50.115 - - [01/Nov/2020:16:53:31 +0000] "GET /img/IMG_5f9ee6c262b291.58996314.jpeg HTTP/1.1" 200 210208 "https://192.168.50.122/gallery" "Mozilla/5.0 (Linux; Android 10; Mi A2 Lite) AppleWebKit/537.36 (KHTML, like Gecko) Chrome/86.0.4240.110 Mobile Safari/537.36"
192.168.50.115 - - [01/Nov/2020:16:53:31 +0000] "GET /img/IMG_5f9ee64484ea89.86009192.jpeg HTTP/1.1" 200 30040 "https://192.168.50.122/gallery" "Mozilla/5.0 (Linux; Android 10; Mi A2 Lite) AppleWebKit/537.36 (KHTML, like Gecko) Chrome/86.0.4240.110 Mobile Safari/537.36"
192.168.50.115 - - [01/Nov/2020:16:53:31 +0000] "GET /img/IMG_5f9ee711716662.62583892.jpeg HTTP/1.1" 200 174406 "https://192.168.50.122/gallery" "Mozilla/5.0 (Linux; Android 10; Mi A2 Lite) AppleWebKit/537.36 (KHTML, like Gecko) Chrome/86.0.4240.110 Mobile Safari/537.36"
192.168.50.115 - - [01/Nov/2020:16:53:35 +0000] "GET /img/IMG_5f9ee7de974be9.28998380.jpeg HTTP/1.1" 200 35217 "https://192.168.50.122/gallery" "Mozilla/5.0 (Linux; Android 10; Mi A2 Lite) AppleWebKit/537.36 (KHTML, like Gecko) Chrome/86.0.4240.110 Mobile Safari/537.36"
192.168.50.115 - - [01/Nov/2020:16:53:35 +0000] "GET /admin/dashboard/users HTTP/1.1" 200 113 "https://192.168.50.122/admin/dashboard" "Mozilla/5.0 (Linux; Android 10; Mi A2 Lite) AppleWebKit/537.36 (KHTML, like Gecko) Chrome/86.0.4240.110 Mobile Safari/537.36"
192.168.50.115 - - [01/Nov/2020:16:53:36 +0000] "GET /admin/dashboard/categories HTTP/1.1" 200 61085 "https://192.168.50.122/admin/dashboard" "Mozilla/5.0 (Linux; Android 10; Mi A2 Lite) AppleWebKit/537.36 (KHTML, like Gecko) Chrome/86.0.4240.110 Mobile Safari/537.36"
192.168.50.115 - - [01/Nov/2020:16:53:37 +0000] "GET /admin/dashboard/photos HTTP/1.1" 200 1072531 "https://192.168.50.122/admin/dashboard" "Mozilla/5.0 (Linux; Android 10; Mi A2 Lite) AppleWebKit/537.36 (KHTML, like Gecko) Chrome/86.0.4240.110 Mobile Safari/537.36"
